The quiÄ‰k brown fox jumps over the lazy dalmatian.
Quick \${escaped} jumps nightly above wizard.
Pack my ${special-char} box with five dozen liquor $jugs.